// Jest Snapshot v1, https://goo.gl/fbAQLP

exports[`Navabr should render without crashing 1`] = `ShallowWrapper {}`;
